 Welcome to the cosmological hydrodynamical code
    ______       _________________
   / ___/ |     / /  _/ ___/_  __/
   \__ \| | /| / // // /_   / /   
  ___/ /| |/ |/ // // __/  / /    
 /____/ |__/|__/___/_/    /_/     
 SPH With Inter-dependent Fine-grained Tasking

 Version : 2026.01
 Revision: v2026.01-46-g720c30fd, Branch: master, Date: 2026-03-13 22:51:59 +0100
 Webpage : www.swiftsim.com

 Config. options: ''

 Compiler: GCC, Version: 13.3.0
 CFLAGS  : '-flto -O3 -fomit-frame-pointer -malign-double -fstrict-aliasing -ffast-math -funroll-loops -march=core2 -mavx2 -pthread -Wall -Wextra -Wno-unused-parameter -Wshadow -Werror -Wno-alloc-size-larger-than -Wstrict-prototypes'

 HDF5 library version     : 1.10.10
 FFTW library version     : 3.x (details not available)

[00000.0] main: CPU frequency used for tick conversion: 2904289987 Hz
[00000.0] main: Running on: Shprot
[00000.0] main: sizeof(part)          is  160 bytes.
[00000.0] main: sizeof(xpart)         is   96 bytes.
[00000.0] main: sizeof(sink)          is   96 bytes.
[00000.0] main: sizeof(spart)         is  128 bytes.
[00000.0] main: sizeof(bpart)         is  128 bytes.
[00000.0] main: sizeof(gpart)         is   96 bytes.
[00000.0] main: sizeof(gpart_foreign) is   40 bytes.
[00000.0] main: sizeof(multipole)     is  192 bytes.
[00000.0] main: sizeof(grav_tensor)   is  144 bytes.
[00000.0] main: sizeof(task)          is   96 bytes.
[00000.0] main: sizeof(cell)          is 1088 bytes.
[00000.0] main: Reading runtime parameters from file 'config.yml'
[00000.0] main: Internal unit system: U_M = 1.000000e+03 g.
[00000.0] main: Internal unit system: U_L = 1.000000e+02 cm.
[00000.0] main: Internal unit system: U_t = 1.000000e+00 s.
[00000.0] main: Internal unit system: U_I = 1.000000e+00 A.
[00000.0] main: Internal unit system: U_T = 1.000000e+00 K.
[00000.0] phys_const_print:    Gravitational constant = 6.674300e-11
[00000.0] phys_const_print:            Speed of light = 2.997925e+08
[00000.0] phys_const_print:           Planck constant = 6.626070e-34
[00000.0] phys_const_print:        Boltzmann constant = 1.380649e-23
[00000.0] phys_const_print:     Thomson cross-section = 6.652459e-29
[00000.0] phys_const_print:             Electron-Volt = 1.602177e-19
[00000.0] phys_const_print:       Vacuum permeability = 1.256637e-06
[00000.0] phys_const_print:               Proton mass = 1.672622e-27
[00000.0] phys_const_print:                      Year = 3.155693e+07
[00000.0] phys_const_print:                    Parsec = 3.085678e+16
[00000.0] phys_const_print:         Astronomical Unit = 1.495979e+11
[00000.0] phys_const_print:              Earth radius = 6.378100e+06
[00000.0] phys_const_print:                Solar mass = 1.988410e+30
[00000.0] phys_const_print:          Solar luminosity = 3.828000e+26
[00000.0] phys_const_print:    H_0 / h = 100 km/s/Mpc = 3.240779e-18
[00000.0] phys_const_print:                    T_CMB0 = 2.725500e+00
[00000.0] cooling_print_backend: Cooling function is 'No cooling'.
[00000.0] chemistry_print_backend: Chemistry function is 'No chemistry'.
[00000.0] main: Reading ICs from file 'IC.hdf5'
[00000.0] io_read_unit_system: Reading IC units from ICs.
[00000.0] read_ic_single: IC and internal units match. No conversion needed.
[00000.0] ic_info_read_hdf5: Metadata group ICs_parameters not found in ICs file
[00000.0] main: Reading initial conditions took 1.529 ms.
[00000.0] main: Read 0 gas particles, 0 sink particles, 0 star particles, 0 black hole particles, 100 DM particles, 0 DM background particles, and 0 neutrino DM particles from the ICs.
[00000.0] main: space_init took 2.689 ms.
[00000.0] potential_print_backend: External potential is 'No external potential'.
[00000.0] forcing_terms_print: Forcing terms is 'No forcing terms'.
[00000.0] main: space dimensions are [ 14959787070000.000 14959787070000.000 14959787070000.000 ].
[00000.0] main: space isn't periodic.
[00000.0] main: highest-level cell dimensions are [ 12 12 12 ].
[00000.0] main: 0 parts in 1728 cells.
[00000.0] main: 100 gparts in 1728 cells.
[00000.0] main: 0 sinks in 1728 cells.
[00000.0] main: 0 sparts in 1728 cells.
[00000.0] main: 0 bparts in 1728 cells.
[00000.0] main: maximum depth is 0.
[00000.0] engine_init: took 0.053 ms.
[00000.0] engine_config: Running simulation 'Untitled SWIFT simulation'.
[00000.0] engine_config: no processor affinity used
[00000.0] engine_policy: engine policies are [  'steal'  'keep'  'numa affinity'  'self gravity'  ]
[00000.0] gravity_props_print: Self-gravity scheme: With per-particle softening
[00000.0] gravity_props_print: Self-gravity scheme: FMM-MM with m-poles of order 4
[00000.0] gravity_props_print: Self-gravity time integration: eta=0.0250
[00000.0] gravity_props_print: Self-gravity opening angle scheme:  adaptive
[00000.0] gravity_props_print: Self-gravity opening angle:  epsilon_fmm=0.001000
[00000.0] gravity_props_print: Self-gravity softening functional form: Wendland-C2
[00000.0] gravity_props_print: Self-gravity DM comoving softening: epsilon=30000000.000000 (Plummer equivalent: 10000000.000000)
[00000.0] gravity_props_print: Self-gravity DM maximal physical softening:    epsilon=30000000.000000 (Plummer equivalent: 10000000.000000)
[00000.0] gravity_props_print: Self-gravity baryon comoving softening: epsilon=0.000000 (Plummer equivalent: 0.000000)
[00000.0] gravity_props_print: Self-gravity baryon maximal physical softening:    epsilon=0.000000 (Plummer equivalent: 0.000000)
[00000.0] gravity_props_print: Self-gravity neutrino DM comoving softening: epsilon=0.000000 (Plummer equivalent: 0.000000)
[00000.0] gravity_props_print: Self-gravity neutrino DM maximal physical softening:    epsilon=0.000000 (Plummer equivalent: 0.000000)
[00000.0] gravity_props_print: Self-gravity mesh side-length: N=0
[00000.0] gravity_props_print: Self-gravity mesh smoothing-scale: a_smooth=0.000000
[00000.0] gravity_props_print: Self-gravity distributed mesh enabled: 0
[00000.0] gravity_props_print: Self-gravity tree cut-off ratio: r_cut_max=0.000000
[00000.0] gravity_props_print: Self-gravity truncation cut-off ratio: r_cut_min=0.000000
[00000.0] gravity_props_print: Self-gravity mesh truncation function: Gadget-like (using erfc())
[00000.0] gravity_props_print: Self-gravity tree update frequency: f=0.010000
[00000.0] engine_config: Absolute minimal timestep size: 4.269918e-10
[00000.0] engine_config: Minimal timestep size (on time-line): 9.169579e-01
[00000.0] engine_config: Maximal timestep size (on time-line): 4.807500e+05
[00000.0] engine_config: Restarts will be dumped every 5.000000 hours
[00000.0] engine_config: Using 4 threads in the thread-pool
[00000.0] engine_config: took 1.793 ms.
[00000.0] main: Running on 0 gas particles, 0 sink particles, 0 stars particles 0 black hole particles, 0 neutrino particles, and 100 DM particles (100 gravity particles)
[00000.0] main: from t=0.000e+00 until t=6.154e+07 with 1 ranks, 4 threads / rank and 4 task queues / rank (dt_min=1.000e+00, dt_max=8.640e+05)...
[00000.0] engine_init_particles: Setting particles to a valid state...
[00000.0] engine_init_particles: Computing initial gas densities and approximate gravity.
[00000.0] engine_init_particles: Converting internal energy variable.
[00000.0] engine_init_particles: Running initial fake time-step.
#   Step           Time Scale-factor     Redshift      Time-step Time-bins      Updates    g-Updates    s-Updates sink-Updates    b-Updates  Wall-clock time [ms]  Props    Dead time [ms] 
       0   0.000000e+00    1.0000000    0.0000000   0.000000e+00    1   56            0          100            0            0            0                11.620     25             0.815
       1   4.807500e+05    1.0000000    0.0000000   4.807500e+05   49   49            0          100            0            0            0                59.194     25             0.324
       2   9.615000e+05    1.0000000    0.0000000   4.807500e+05   49   50            0          100            0            0            0                47.093     25             0.171
       3   1.442250e+06    1.0000000    0.0000000   4.807500e+05   49   49            0          100            0            0            0                56.419     25             0.277
       4   1.923000e+06    1.0000000    0.0000000   4.807500e+05   49   51            0          100            0            0            0                48.306     25             0.216
       5   2.403750e+06    1.0000000    0.0000000   4.807500e+05   49   49            0          100            0            0            0                56.932     25             0.227
       6   2.884500e+06    1.0000000    0.0000000   4.807500e+05   49   50            0          100            0            0            0                56.182     25             0.247
       7   3.365250e+06    1.0000000    0.0000000   4.807500e+05   49   49            0          100            0            0            0                57.996     25             0.217
       8   3.846000e+06    1.0000000    0.0000000   4.807500e+05   49   52            0          100            0            0            0                57.980     25             0.243
       9   4.326750e+06    1.0000000    0.0000000   4.807500e+05   49   49            0          100            0            0            0                48.956     25             0.275
      10   4.807500e+06    1.0000000    0.0000000   4.807500e+05   49   50            0          100            0            0            0                60.479     25             0.285
      11   5.288250e+06    1.0000000    0.0000000   4.807500e+05   49   49            0          100            0            0            0                57.266     25             0.204
      12   5.769000e+06    1.0000000    0.0000000   4.807500e+05   49   51            0          100            0            0            0                59.632     25             0.319
      13   6.249750e+06    1.0000000    0.0000000   4.807500e+05   49   49            0          100            0            0            0                49.937     25             0.130
      14   6.730500e+06    1.0000000    0.0000000   4.807500e+05   49   50            0          100            0            0            0                60.208     25             0.170
      15   7.211250e+06    1.0000000    0.0000000   4.807500e+05   49   49            0          100            0            0            0                71.260     25             0.229
      16   7.692000e+06    1.0000000    0.0000000   4.807500e+05   49   53            0          100            0            0            0                74.265     25             0.646
      17   8.172750e+06    1.0000000    0.0000000   4.807500e+05   49   49            0          100            0            0            0                77.616     25             0.175
      18   8.653500e+06    1.0000000    0.0000000   4.807500e+05   49   50            0          100            0            0            0                58.143     25             0.176
      19   9.134250e+06    1.0000000    0.0000000   4.807500e+05   49   49            0          100            0            0            0                66.784     25             0.193
      20   9.615000e+06    1.0000000    0.0000000   4.807500e+05   49   51            0          100            0            0            0                52.452     25             0.195
      21   1.009575e+07    1.0000000    0.0000000   4.807500e+05   49   49            0          100            0            0            0                62.444     25             0.174
      22   1.057650e+07    1.0000000    0.0000000   4.807500e+05   49   50            0          100            0            0            0                61.484     25             0.177
      23   1.105725e+07    1.0000000    0.0000000   4.807500e+05   49   49            0          100            0            0            0                84.590     25             0.164
      24   1.153800e+07    1.0000000    0.0000000   4.807500e+05   49   52            0          100            0            0            0                63.721     25             0.182
      25   1.201875e+07    1.0000000    0.0000000   4.807500e+05   49   49            0          100            0            0            0                54.041     25             0.167
      26   1.249950e+07    1.0000000    0.0000000   4.807500e+05   49   50            0          100            0            0            0                65.753     25             0.136
      27   1.298025e+07    1.0000000    0.0000000   4.807500e+05   49   49            0          100            0            0            0                55.032     25             0.174
      28   1.346100e+07    1.0000000    0.0000000   4.807500e+05   49   51            0          100            0            0            0                64.952     25             0.190
      29   1.394175e+07    1.0000000    0.0000000   4.807500e+05   49   49            0          100            0            0            0                54.892     25             0.191
      30   1.442250e+07    1.0000000    0.0000000   4.807500e+05   49   50            0          100            0            0            0                67.861     25             0.168
      31   1.490325e+07    1.0000000    0.0000000   4.807500e+05   49   49            0          100            0            0            0                73.674     25             0.180
      32   1.538400e+07    1.0000000    0.0000000   4.807500e+05   49   54            0          100            0            0            0                64.424     25             0.170
      33   1.586475e+07    1.0000000    0.0000000   4.807500e+05   49   49            0          100            0            0            0                78.729     25             0.171
      34   1.634550e+07    1.0000000    0.0000000   4.807500e+05   49   50            0          100            0            0            0                71.436     25             0.194
      35   1.682625e+07    1.0000000    0.0000000   4.807500e+05   49   49            0          100            0            0            0                79.549     25             0.173
      36   1.730700e+07    1.0000000    0.0000000   4.807500e+05   49   51            0          100            0            0            0                64.660     25             0.181
      37   1.778775e+07    1.0000000    0.0000000   4.807500e+05   49   49            0          100            0            0            0                92.802     25             0.162
      38   1.826850e+07    1.0000000    0.0000000   4.807500e+05   49   50            0          100            0            0            0                86.123     25             0.954
      39   1.874925e+07    1.0000000    0.0000000   4.807500e+05   49   49            0          100            0            0            0                60.767     25             0.170
      40   1.923000e+07    1.0000000    0.0000000   4.807500e+05   49   52            0          100            0            0            0                68.228     25             0.148
      41   1.971075e+07    1.0000000    0.0000000   4.807500e+05   49   49            0          100            0            0            0                60.312     25             0.178
      42   2.019150e+07    1.0000000    0.0000000   4.807500e+05   49   50            0          100            0            0            0                68.185     25             0.144
      43   2.067225e+07    1.0000000    0.0000000   4.807500e+05   49   49            0          100            0            0            0                58.603     25             0.152
      44   2.115300e+07    1.0000000    0.0000000   4.807500e+05   49   51            0          100            0            0            0                74.274     25             0.168
      45   2.163375e+07    1.0000000    0.0000000   4.807500e+05   49   49            0          100            0            0            0                58.628     25             0.146
      46   2.211450e+07    1.0000000    0.0000000   4.807500e+05   49   50            0          100            0            0            0                74.460     25             0.150
      47   2.259525e+07    1.0000000    0.0000000   4.807500e+05   49   49            0          100            0            0            0                76.997     25             0.145
      48   2.307600e+07    1.0000000    0.0000000   4.807500e+05   49   53            0          100            0            0            0                67.567     25             0.128
      49   2.355675e+07    1.0000000    0.0000000   4.807500e+05   49   49            0          100            0            0            0                82.379     25             0.144
      50   2.403750e+07    1.0000000    0.0000000   4.807500e+05   49   50            0          100            0            0            0                68.785     25             0.141
      51   2.451825e+07    1.0000000    0.0000000   4.807500e+05   49   49            0          100            0            0            0               112.543     25             0.144
      52   2.499900e+07    1.0000000    0.0000000   4.807500e+05   49   51            0          100            0            0            0                95.115     25             0.145
      53   2.547975e+07    1.0000000    0.0000000   4.807500e+05   49   49            0          100            0            0            0                90.440     25             0.152
      54   2.596050e+07    1.0000000    0.0000000   4.807500e+05   49   50            0          100            0            0            0                80.736     25             0.150
      55   2.644125e+07    1.0000000    0.0000000   4.807500e+05   49   49            0          100            0            0            0                62.441     25             0.133
      56   2.692200e+07    1.0000000    0.0000000   4.807500e+05   49   52            0          100            0            0            0                74.756     25             0.141
      57   2.740275e+07    1.0000000    0.0000000   4.807500e+05   49   49            0          100            0            0            0                69.511     25             0.135
      58   2.788350e+07    1.0000000    0.0000000   4.807500e+05   49   50            0          100            0            0            0               146.906     25             0.132
      59   2.836425e+07    1.0000000    0.0000000   4.807500e+05   49   49            0          100            0            0            0               119.391     25             1.431
      60   2.884500e+07    1.0000000    0.0000000   4.807500e+05   49   51            0          100            0            0            0                96.515     25             0.175
      61   2.932575e+07    1.0000000    0.0000000   4.807500e+05   49   49            0          100            0            0            0                84.183     25             0.131
      62   2.980650e+07    1.0000000    0.0000000   4.807500e+05   49   50            0          100            0            0            0                95.450     25             3.102
      63   3.028725e+07    1.0000000    0.0000000   4.807500e+05   49   49            0          100            0            0            0               120.120     25             0.168
      64   3.076800e+07    1.0000000    0.0000000   4.807500e+05   49   55            0          100            0            0            0                86.428     25             0.199
      65   3.124875e+07    1.0000000    0.0000000   4.807500e+05   49   49            0          100            0            0            0               111.266     25             0.362
      66   3.172950e+07    1.0000000    0.0000000   4.807500e+05   49   50            0          100            0            0            0                94.529     25             0.174
      67   3.221025e+07    1.0000000    0.0000000   4.807500e+05   49   49            0          100            0            0            0               222.641     25             0.173
      68   3.269100e+07    1.0000000    0.0000000   4.807500e+05   49   51            0          100            0            0            0               144.006     25             0.141
      69   3.317175e+07    1.0000000    0.0000000   4.807500e+05   49   49            0          100            0            0            0                93.382     25             0.137
      70   3.365250e+07    1.0000000    0.0000000   4.807500e+05   49   50            0          100            0            0            0               100.269     25             0.120
      71   3.413325e+07    1.0000000    0.0000000   4.807500e+05   49   49            0          100            0            0            0                87.430     25             0.495
      72   3.461400e+07    1.0000000    0.0000000   4.807500e+05   49   52            0          100            0            0            0                95.297     25             0.132
      73   3.509475e+07    1.0000000    0.0000000   4.807500e+05   49   49            0          100            0            0            0               125.101     25             0.138
      74   3.557550e+07    1.0000000    0.0000000   4.807500e+05   49   50            0          100            0            0            0                95.852     25             0.144
      75   3.605625e+07    1.0000000    0.0000000   4.807500e+05   49   49            0          100            0            0            0                82.285     25             0.124
      76   3.653700e+07    1.0000000    0.0000000   4.807500e+05   49   51            0          100            0            0            0               106.208     25             0.142
      77   3.701775e+07    1.0000000    0.0000000   4.807500e+05   49   49            0          100            0            0            0                90.890     25             0.118
      78   3.749850e+07    1.0000000    0.0000000   4.807500e+05   49   50            0          100            0            0            0                84.268     25             0.136
      79   3.797925e+07    1.0000000    0.0000000   4.807500e+05   49   49            0          100            0            0            0               104.523     25             0.126
      80   3.846000e+07    1.0000000    0.0000000   4.807500e+05   49   53            0          100            0            0            0                74.736     25             0.132
      81   3.894075e+07    1.0000000    0.0000000   4.807500e+05   49   49            0          100            0            0            0                94.614     25             0.304
      82   3.942150e+07    1.0000000    0.0000000   4.807500e+05   49   50            0          100            0            0            0                85.173     25             0.149
      83   3.990225e+07    1.0000000    0.0000000   4.807500e+05   49   49            0          100            0            0            0               103.753     25             0.129
      84   4.038300e+07    1.0000000    0.0000000   4.807500e+05   49   51            0          100            0            0            0                94.122     25             0.967
      85   4.086375e+07    1.0000000    0.0000000   4.807500e+05   49   49            0          100            0            0            0               119.854     25             0.146
      86   4.134450e+07    1.0000000    0.0000000   4.807500e+05   49   50            0          100            0            0            0               233.026     25             0.113
      87   4.182525e+07    1.0000000    0.0000000   4.807500e+05   49   49            0          100            0            0            0               243.734     25             2.169
      88   4.230600e+07    1.0000000    0.0000000   4.807500e+05   49   52            0          100            0            0            0               148.215     25             1.937
      89   4.278675e+07    1.0000000    0.0000000   4.807500e+05   49   49            0          100            0            0            0                94.327     25             0.140
      90   4.326750e+07    1.0000000    0.0000000   4.807500e+05   49   50            0          100            0            0            0                96.941     25             0.199
      91   4.374825e+07    1.0000000    0.0000000   4.807500e+05   49   49            0          100            0            0            0                80.196     25             0.196
      92   4.422900e+07    1.0000000    0.0000000   4.807500e+05   49   51            0          100            0            0            0                91.512     25             0.447
      93   4.470975e+07    1.0000000    0.0000000   4.807500e+05   49   49            0          100            0            0            0                99.901     25             0.113
      94   4.519050e+07    1.0000000    0.0000000   4.807500e+05   49   50            0          100            0            0            0               141.878     25             0.822
      95   4.567125e+07    1.0000000    0.0000000   4.807500e+05   49   49            0          100            0            0            0               137.988     25             0.360
      96   4.615200e+07    1.0000000    0.0000000   4.807500e+05   49   54            0          100            0            0            0               114.549     25             0.369
      97   4.663275e+07    1.0000000    0.0000000   4.807500e+05   49   49            0          100            0            0            0               143.201     25             0.286
      98   4.711350e+07    1.0000000    0.0000000   4.807500e+05   49   50            0          100            0            0            0               104.194     25             0.318
      99   4.759425e+07    1.0000000    0.0000000   4.807500e+05   49   49            0          100            0            0            0               113.485     25             0.687
     100   4.807500e+07    1.0000000    0.0000000   4.807500e+05   49   51            0          100            0            0            0                83.605     25             2.419
     101   4.855575e+07    1.0000000    0.0000000   4.807500e+05   49   49            0          100            0            0            0               101.666     25             0.471
     102   4.903650e+07    1.0000000    0.0000000   4.807500e+05   49   50            0          100            0            0            0               117.450     25             0.119
     103   4.951725e+07    1.0000000    0.0000000   4.807500e+05   49   49            0          100            0            0            0               100.357     25             0.753
     104   4.999800e+07    1.0000000    0.0000000   4.807500e+05   49   52            0          100            0            0            0               137.627     25             0.133
     105   5.047875e+07    1.0000000    0.0000000   4.807500e+05   49   49            0          100            0            0            0                99.929     25             0.399
     106   5.095950e+07    1.0000000    0.0000000   4.807500e+05   49   50            0          100            0            0            0               273.778     25             0.621
     107   5.144025e+07    1.0000000    0.0000000   4.807500e+05   49   49            0          100            0            0            0               132.702     25             0.243
     108   5.192100e+07    1.0000000    0.0000000   4.807500e+05   49   51            0          100            0            0            0               127.819     25             0.215
     109   5.240175e+07    1.0000000    0.0000000   4.807500e+05   49   49            0          100            0            0            0               131.898     25             0.516
     110   5.288250e+07    1.0000000    0.0000000   4.807500e+05   49   50            0          100            0            0            0               112.269     25             2.967
     111   5.336325e+07    1.0000000    0.0000000   4.807500e+05   49   49            0          100            0            0            0               137.200     25             0.352
     112   5.384400e+07    1.0000000    0.0000000   4.807500e+05   49   53            0          100            0            0            0                93.195     25             0.812
     113   5.432475e+07    1.0000000    0.0000000   4.807500e+05   49   49            0          100            0            0            0               210.641     25             0.164
     114   5.480550e+07    1.0000000    0.0000000   4.807500e+05   49   50            0          100            0            0            0               123.161     25             0.167
     115   5.528625e+07    1.0000000    0.0000000   4.807500e+05   49   49            0          100            0            0            0               125.204     25             0.229
     116   5.576700e+07    1.0000000    0.0000000   4.807500e+05   49   51            0          100            0            0            0               258.936     25             0.224
     117   5.624775e+07    1.0000000    0.0000000   4.807500e+05   49   49            0          100            0            0            0               365.452     25             0.119
     118   5.672850e+07    1.0000000    0.0000000   4.807500e+05   49   50            0          100            0            0            0               115.562     25             0.660
     119   5.720925e+07    1.0000000    0.0000000   4.807500e+05   49   49            0          100            0            0            0               126.388     25             0.190
     120   5.769000e+07    1.0000000    0.0000000   4.807500e+05   49   52            0          100            0            0            0               211.965     25             0.201
     121   5.817075e+07    1.0000000    0.0000000   4.807500e+05   49   49            0          100            0            0            0               188.152     25             0.149
     122   5.865150e+07    1.0000000    0.0000000   4.807500e+05   49   50            0          100            0            0            0               168.369     25             0.188
     123   5.913225e+07    1.0000000    0.0000000   4.807500e+05   49   49            0          100            0            0            0               126.947     25             0.194
     124   5.961300e+07    1.0000000    0.0000000   4.807500e+05   49   51            0          100            0            0            0               147.683     25             0.193
     125   6.009375e+07    1.0000000    0.0000000   4.807500e+05   49   49            0          100            0            0            0               138.792     25             0.172
     126   6.057450e+07    1.0000000    0.0000000   4.807500e+05   49   50            0          100            0            0            0               119.367     25             0.199
     127   6.105525e+07    1.0000000    0.0000000   4.807500e+05   49   49            0          100            0            0            0               169.376     25             0.173
     128   6.153600e+07    1.0000000    0.0000000   4.807500e+05   49   56            0          100            0            0            0                 1.559      1             0.177
[00013.0] main: done. Bye.
